== A. core 0.1%: each technique isolated and accumulated (3 repetitions)
baseline         independent core 0.001   rows=    229829 ok                               wall=31.7s peak=1.41GB phases={'load': 0.8, 'init': 1.3, 'preprocess': 5.99, 'fit': 10.87, 'sample': 7.75, 'validate': 1.86, 'quality': 0.08, 'correlation': 0.73, 'sdmetrics': 0.44}
baseline         independent core 0.001   rows=    229829 ok                               wall=32.0s peak=1.44GB phases={'load': 0.77, 'init': 1.32, 'preprocess': 5.95, 'fit': 10.87, 'sample': 7.75, 'validate': 1.85, 'quality': 0.08, 'correlation': 0.73, 'sdmetrics': 0.45}
baseline         independent core 0.001   rows=    229829 ok                               wall=31.8s peak=1.45GB phases={'load': 0.78, 'init': 1.32, 'preprocess': 5.84, 'fit': 10.83, 'sample': 7.78, 'validate': 1.85, 'quality': 0.08, 'correlation': 0.72, 'sdmetrics': 0.45}
T2               independent core 0.001   rows=    229829 ok                               wall=33.7s peak=1.43GB phases={'load': 0.79, 'init': 1.34, 'preprocess': 5.88, 'fit': 12.33, 'sample': 7.99, 'validate': 1.85, 'quality': 0.08, 'correlation': 0.72, 'sdmetrics': 0.45}
T2               independent core 0.001   rows=    229829 ok                               wall=33.7s peak=1.44GB phases={'load': 0.85, 'init': 1.33, 'preprocess': 5.83, 'fit': 12.35, 'sample': 7.95, 'validate': 1.85, 'quality': 0.08, 'correlation': 0.72, 'sdmetrics': 0.44}
T2               independent core 0.001   rows=    229829 ok                               wall=33.9s peak=1.43GB phases={'load': 0.83, 'init': 1.33, 'preprocess': 5.99, 'fit': 12.34, 'sample': 8.02, 'validate': 1.87, 'quality': 0.08, 'correlation': 0.72, 'sdmetrics': 0.44}
T3               independent core 0.001   rows=    229829 ok                               wall=31.6s peak=1.47GB phases={'load': 0.83, 'init': 1.33, 'preprocess': 5.89, 'fit': 12.24, 'sample': 6.09, 'validate': 1.86, 'quality': 0.08, 'correlation': 0.72, 'sdmetrics': 0.46}
T3               independent core 0.001   rows=    229829 ok                               wall=32.1s peak=1.44GB phases={'load': 0.88, 'init': 1.33, 'preprocess': 5.92, 'fit': 12.42, 'sample': 6.14, 'validate': 1.85, 'quality': 0.08, 'correlation': 0.74, 'sdmetrics': 0.47}
T3               independent core 0.001   rows=    229829 ok                               wall=32.5s peak=1.47GB phases={'load': 0.82, 'init': 1.36, 'preprocess': 6.37, 'fit': 12.33, 'sample': 6.03, 'validate': 1.87, 'quality': 0.08, 'correlation': 0.74, 'sdmetrics': 0.48}
T4               independent core 0.001   rows=    229829 ok                               wall=32.1s peak=1.43GB phases={'load': 0.82, 'init': 1.63, 'preprocess': 6.04, 'fit': 11.27, 'sample': 7.28, 'validate': 1.88, 'quality': 0.08, 'correlation': 0.74, 'sdmetrics': 0.46}
T4               independent core 0.001   rows=    229829 ok                               wall=32.3s peak=1.42GB phases={'load': 0.87, 'init': 1.31, 'preprocess': 5.98, 'fit': 11.18, 'sample': 7.32, 'validate': 1.9, 'quality': 0.09, 'correlation': 0.74, 'sdmetrics': 0.45}
T4               independent core 0.001   rows=    229829 ok                               wall=31.8s peak=1.43GB phases={'load': 0.8, 'init': 1.35, 'preprocess': 5.99, 'fit': 11.27, 'sample': 7.25, 'validate': 1.88, 'quality': 0.08, 'correlation': 0.74, 'sdmetrics': 0.45}
T4+T4R           independent core 0.001   rows=    229829 ok                               wall=32.0s peak=1.46GB phases={'load': 0.89, 'init': 1.37, 'preprocess': 6.04, 'fit': 11.23, 'sample': 7.14, 'validate': 1.86, 'quality': 0.08, 'correlation': 0.74, 'sdmetrics': 0.44}
T4+T4R           independent core 0.001   rows=    229829 ok                               wall=31.5s peak=1.43GB phases={'load': 0.75, 'init': 1.34, 'preprocess': 5.89, 'fit': 11.13, 'sample': 7.11, 'validate': 1.86, 'quality': 0.08, 'correlation': 0.73, 'sdmetrics': 0.45}
T4+T4R           independent core 0.001   rows=    229829 ok                               wall=32.1s peak=1.45GB phases={'load': 0.8, 'init': 1.42, 'preprocess': 6.07, 'fit': 11.32, 'sample': 7.23, 'validate': 1.88, 'quality': 0.08, 'correlation': 0.74, 'sdmetrics': 0.45}
T5               independent core 0.001   rows=    229829 ok                               wall=33.3s peak=1.41GB phases={'load': 0.94, 'init': 1.41, 'preprocess': 6.19, 'fit': 11.4, 'sample': 7.99, 'validate': 1.89, 'quality': 0.08, 'correlation': 0.74, 'sdmetrics': 0.45}
T5               independent core 0.001   rows=    229829 ok                               wall=33.1s peak=1.43GB phases={'load': 0.86, 'init': 1.34, 'preprocess': 6.02, 'fit': 11.39, 'sample': 7.97, 'validate': 1.89, 'quality': 0.09, 'correlation': 0.75, 'sdmetrics': 0.46}
T5               independent core 0.001   rows=    229829 ok                               wall=33.1s peak=1.41GB phases={'load': 0.84, 'init': 1.33, 'preprocess': 6.13, 'fit': 11.41, 'sample': 7.98, 'validate': 1.92, 'quality': 0.09, 'correlation': 0.74, 'sdmetrics': 0.45}
T2+T3            independent core 0.001   rows=    229829 ok                               wall=33.7s peak=1.48GB phases={'load': 0.87, 'init': 1.34, 'preprocess': 5.96, 'fit': 13.8, 'sample': 6.26, 'validate': 1.85, 'quality': 0.09, 'correlation': 0.76, 'sdmetrics': 0.48}
T2+T3            independent core 0.001   rows=    229829 ok                               wall=33.4s peak=1.48GB phases={'load': 0.76, 'init': 1.29, 'preprocess': 5.9, 'fit': 13.8, 'sample': 6.23, 'validate': 1.85, 'quality': 0.08, 'correlation': 1.24, 'sdmetrics': 0.45}
T2+T3            independent core 0.001   rows=    229829 ok                               wall=33.4s peak=1.44GB phases={'load': 0.75, 'init': 1.3, 'preprocess': 5.83, 'fit': 13.75, 'sample': 6.23, 'validate': 1.86, 'quality': 0.08, 'correlation': 1.24, 'sdmetrics': 0.44}
T2+T3+T4+T4R     independent core 0.001   rows=    229829 ok                               wall=33.4s peak=1.45GB phases={'load': 0.75, 'init': 1.29, 'preprocess': 5.89, 'fit': 13.7, 'sample': 6.18, 'validate': 1.87, 'quality': 0.08, 'correlation': 1.23, 'sdmetrics': 0.46}
T2+T3+T4+T4R     independent core 0.001   rows=    229829 ok                               wall=33.7s peak=1.43GB phases={'load': 0.74, 'init': 1.29, 'preprocess': 5.88, 'fit': 13.72, 'sample': 6.21, 'validate': 1.88, 'quality': 0.08, 'correlation': 1.25, 'sdmetrics': 0.45}
T2+T3+T4+T4R     independent core 0.001   rows=    229829 ok                               wall=33.6s peak=1.48GB phases={'load': 0.75, 'init': 1.29, 'preprocess': 5.91, 'fit': 13.71, 'sample': 6.25, 'validate': 1.87, 'quality': 0.08, 'correlation': 1.24, 'sdmetrics': 0.45}
T2+T3+T4+T4R+T5  independent core 0.001   rows=    229829 ok                               wall=34.1s peak=1.44GB phases={'load': 0.75, 'init': 1.29, 'preprocess': 6.03, 'fit': 14.07, 'sample': 6.29, 'validate': 1.87, 'quality': 0.08, 'correlation': 1.25, 'sdmetrics': 0.46}
T2+T3+T4+T4R+T5  independent core 0.001   rows=    229829 ok                               wall=34.4s peak=1.48GB phases={'load': 0.75, 'init': 1.29, 'preprocess': 5.97, 'fit': 14.13, 'sample': 6.32, 'validate': 1.88, 'quality': 0.08, 'correlation': 1.24, 'sdmetrics': 0.45}
T2+T3+T4+T4R+T5  independent core 0.001   rows=    229829 ok                               wall=34.4s peak=1.44GB phases={'load': 0.76, 'init': 1.29, 'preprocess': 6.01, 'fit': 14.09, 'sample': 6.34, 'validate': 1.86, 'quality': 0.08, 'correlation': 1.24, 'sdmetrics': 0.46}
T3(plan)         independent core 0.001   rows=    229829 ok                               wall=33.7s peak=1.42GB phases={'load': 0.78, 'init': 1.29, 'preprocess': 5.9, 'fit': 13.83, 'sample': 6.03, 'validate': 1.86, 'quality': 0.08, 'correlation': 1.24, 'sdmetrics': 0.45}
T3(plan)         independent core 0.001   rows=    229829 ok                               wall=33.4s peak=1.43GB phases={'load': 0.74, 'init': 1.27, 'preprocess': 5.86, 'fit': 13.82, 'sample': 6.1, 'validate': 1.84, 'quality': 0.08, 'correlation': 1.24, 'sdmetrics': 0.45}
T3(plan)         independent core 0.001   rows=    229829 ok                               wall=33.4s peak=1.42GB phases={'load': 0.74, 'init': 1.28, 'preprocess': 5.89, 'fit': 13.82, 'sample': 6.07, 'validate': 1.86, 'quality': 0.08, 'correlation': 1.23, 'sdmetrics': 0.45}
T5(plan)         independent core 0.001   rows=    229829 ok                               wall=32.3s peak=1.43GB phases={'load': 0.74, 'init': 1.29, 'preprocess': 5.88, 'fit': 11.15, 'sample': 7.79, 'validate': 1.85, 'quality': 0.08, 'correlation': 1.24, 'sdmetrics': 0.45}
T5(plan)         independent core 0.001   rows=    229829 ok                               wall=32.6s peak=1.4GB phases={'load': 0.74, 'init': 1.29, 'preprocess': 5.84, 'fit': 11.16, 'sample': 7.79, 'validate': 1.85, 'quality': 0.08, 'correlation': 1.24, 'sdmetrics': 0.44}
T5(plan)         independent core 0.001   rows=    229829 ok                               wall=32.6s peak=1.44GB phases={'load': 0.74, 'init': 1.28, 'preprocess': 5.88, 'fit': 11.14, 'sample': 7.77, 'validate': 1.86, 'quality': 0.08, 'correlation': 1.24, 'sdmetrics': 0.45}
T2+T3+T4+T4R+T5(plan) independent core 0.001   rows=    229829 ok                               wall=36.3s peak=1.46GB phases={'load': 0.74, 'init': 1.28, 'preprocess': 5.93, 'fit': 16.25, 'sample': 6.29, 'validate': 1.84, 'quality': 0.08, 'correlation': 1.24, 'sdmetrics': 0.45}
T2+T3+T4+T4R+T5(plan) independent core 0.001   rows=    229829 ok                               wall=36.2s peak=1.45GB phases={'load': 0.76, 'init': 1.27, 'preprocess': 5.85, 'fit': 16.26, 'sample': 6.29, 'validate': 1.84, 'quality': 0.08, 'correlation': 1.24, 'sdmetrics': 0.45}
T2+T3+T4+T4R+T5(plan) independent core 0.001   rows=    229829 ok                               wall=36.2s peak=1.43GB phases={'load': 0.77, 'init': 1.28, 'preprocess': 5.88, 'fit': 16.2, 'sample': 6.25, 'validate': 1.84, 'quality': 0.08, 'correlation': 1.24, 'sdmetrics': 0.45}
== B. full 0.1%: lookup tables
full:baseline    independent full 0.001   rows=    237237 ok                               wall=28.9s peak=1.4GB phases={'load': 0.89, 'init': 1.31, 'preprocess': 4.91, 'fit': 8.51, 'sample': 7.59, 'validate': 1.89, 'quality': 0.08, 'correlation': 1.28, 'sdmetrics': 0.27}
full:baseline    independent full 0.001   rows=    237237 ok                               wall=28.7s peak=1.38GB phases={'load': 0.84, 'init': 1.28, 'preprocess': 4.91, 'fit': 8.5, 'sample': 7.6, 'validate': 1.89, 'quality': 0.08, 'correlation': 1.25, 'sdmetrics': 0.27}
full:baseline    independent full 0.001   rows=    237237 ok                               wall=28.7s peak=1.38GB phases={'load': 0.82, 'init': 1.29, 'preprocess': 4.89, 'fit': 8.5, 'sample': 7.59, 'validate': 1.88, 'quality': 0.08, 'correlation': 1.25, 'sdmetrics': 0.27}
full:T1          independent full 0.001   rows=    237237 ok                               wall=32.3s peak=1.42GB phases={'load': 0.81, 'init': 1.29, 'preprocess': 5.93, 'fit': 10.9, 'sample': 7.8, 'validate': 1.94, 'quality': 0.08, 'correlation': 1.25, 'sdmetrics': 0.27}
full:T1          independent full 0.001   rows=    237237 ok                               wall=32.4s peak=1.4GB phases={'load': 0.82, 'init': 1.32, 'preprocess': 5.95, 'fit': 10.87, 'sample': 7.81, 'validate': 1.96, 'quality': 0.08, 'correlation': 1.24, 'sdmetrics': 0.27}
full:T1          independent full 0.001   rows=    237237 ok                               wall=32.4s peak=1.44GB phases={'load': 0.79, 'init': 1.3, 'preprocess': 5.92, 'fit': 10.87, 'sample': 7.84, 'validate': 1.95, 'quality': 0.08, 'correlation': 1.25, 'sdmetrics': 0.27}
full:T1..T5      independent full 0.001   rows=    237237 ok                               wall=35.2s peak=1.47GB phases={'load': 0.79, 'init': 1.29, 'preprocess': 6.03, 'fit': 14.99, 'sample': 6.39, 'validate': 1.9, 'quality': 0.08, 'correlation': 1.24, 'sdmetrics': 0.28}
full:T1..T5      independent full 0.001   rows=    237237 ok                               wall=35.2s peak=1.42GB phases={'load': 0.85, 'init': 1.3, 'preprocess': 6.06, 'fit': 15.0, 'sample': 6.36, 'validate': 1.91, 'quality': 0.08, 'correlation': 1.23, 'sdmetrics': 0.28}
full:T1..T5      independent full 0.001   rows=    237237 ok                               wall=35.4s peak=1.43GB phases={'load': 0.84, 'init': 1.29, 'preprocess': 6.06, 'fit': 15.05, 'sample': 6.45, 'validate': 1.9, 'quality': 0.08, 'correlation': 1.24, 'sdmetrics': 0.28}
== C. core scale ladder: baseline vs all techniques
scale:baseline   independent core 0.005   rows=   1118287 ok                               wall=131.4s peak=2.66GB phases={'load': 1.77, 'init': 1.4, 'preprocess': 22.31, 'fit': 57.61, 'sample': 32.47, 'validate': 3.98, 'quality': 0.69, 'correlation': 8.24, 'sdmetrics': 0.51}
scale:T2..T5     independent core 0.005   rows=   1118287 ok                               wall=145.1s peak=2.69GB phases={'load': 1.69, 'init': 1.36, 'preprocess': 23.17, 'fit': 72.54, 'sample': 30.83, 'validate': 4.03, 'quality': 0.66, 'correlation': 8.13, 'sdmetrics': 0.52}
scale:baseline   independent core 0.01    rows=   2232420 ok                               wall=256.3s peak=3.86GB phases={'load': 3.15, 'init': 1.35, 'preprocess': 43.28, 'fit': 116.73, 'sample': 62.84, 'validate': 6.6, 'quality': 1.49, 'correlation': 17.8, 'sdmetrics': 0.54}
scale:T2..T5     independent core 0.01    rows=   2232420 ok                               wall=286.1s peak=4.63GB phases={'load': 3.08, 'init': 1.38, 'preprocess': 44.64, 'fit': 146.3, 'sample': 61.66, 'validate': 6.56, 'quality': 1.48, 'correlation': 17.71, 'sdmetrics': 0.54}
scale:baseline   independent core 0.025   rows=   5564594 ok                               wall=619.0s peak=7.47GB phases={'load': 8.2, 'init': 1.4, 'preprocess': 108.08, 'fit': 260.1, 'sample': 159.6, 'validate': 15.22, 'quality': 4.85, 'correlation': 57.19, 'sdmetrics': 1.01}
scale:T2..T5     independent core 0.025   rows=   5564594 ok                               wall=698.9s peak=9.11GB phases={'load': 7.84, 'init': 1.34, 'preprocess': 115.52, 'fit': 332.16, 'sample': 159.5, 'validate': 15.53, 'quality': 4.97, 'correlation': 57.89, 'sdmetrics': 0.93}
== D. HMA reference at 0.01%
tiny:baseline    independent core 0.0001  rows=     30065 ok                               wall=13.2s peak=1.01GB phases={'load': 0.7, 'init': 1.37, 'preprocess': 2.26, 'fit': 1.82, 'sample': 2.5, 'validate': 1.47, 'quality': 0.01, 'correlation': 0.16, 'sdmetrics': 0.46}
tiny:T2..T5      independent core 0.0001  rows=     30065 ok                               wall=11.4s peak=1.03GB phases={'load': 0.57, 'init': 1.3, 'preprocess': 2.25, 'fit': 2.29, 'sample': 1.11, 'validate': 1.45, 'quality': 0.01, 'correlation': 0.16, 'sdmetrics': 0.47}
tiny:HMA         hma         core 0.0001  rows=     30065 ok                               wall=419.4s peak=1.27GB phases={'load': 0.57, 'init': 1.3, 'preprocess': 2.24, 'fit': 22.04, 'sample': 389.13, 'validate': 1.44, 'quality': 0.01, 'correlation': 0.16, 'sdmetrics': 0.54}
== done
