== E. core 0.1%: stratified cardinality and per-company sibling metrics
T2S              independent core 0.001   rows=    229829 ok                               wall=32.1s peak=1.46GB phases={'load': 0.77, 'init': 1.3, 'preprocess': 5.97, 'fit': 10.87, 'sample': 7.79, 'validate': 1.86, 'quality': 0.09, 'correlation': 1.23, 'sdmetrics': 0.44}
T2S              independent core 0.001   rows=    229829 ok                               wall=32.1s peak=1.43GB phases={'load': 0.73, 'init': 1.28, 'preprocess': 5.91, 'fit': 10.83, 'sample': 7.75, 'validate': 1.85, 'quality': 0.09, 'correlation': 1.24, 'sdmetrics': 0.44}
T2S              independent core 0.001   rows=    229829 ok                               wall=32.1s peak=1.42GB phases={'load': 0.74, 'init': 1.3, 'preprocess': 5.87, 'fit': 10.85, 'sample': 7.77, 'validate': 1.85, 'quality': 0.09, 'correlation': 1.24, 'sdmetrics': 0.45}
best:T2S+T3+T4+T4R+T5 independent core 0.001   rows=    229829 ok                               wall=33.9s peak=1.46GB phases={'load': 0.73, 'init': 1.29, 'preprocess': 6.03, 'fit': 12.41, 'sample': 7.86, 'validate': 1.86, 'quality': 0.09, 'correlation': 1.23, 'sdmetrics': 0.45}
best:T2S+T3+T4+T4R+T5 independent core 0.001   rows=    229829 ok                               wall=33.9s peak=1.43GB phases={'load': 0.74, 'init': 1.28, 'preprocess': 6.06, 'fit': 12.47, 'sample': 7.88, 'validate': 1.86, 'quality': 0.09, 'correlation': 1.24, 'sdmetrics': 0.45}
best:T2S+T3+T4+T4R+T5 independent core 0.001   rows=    229829 ok                               wall=33.9s peak=1.47GB phases={'load': 0.73, 'init': 1.28, 'preprocess': 6.02, 'fit': 12.46, 'sample': 7.9, 'validate': 1.86, 'quality': 0.09, 'correlation': 1.24, 'sdmetrics': 0.45}
T3C              independent core 0.001   rows=    229829 ok                               wall=32.3s peak=1.42GB phases={'load': 0.74, 'init': 1.28, 'preprocess': 5.87, 'fit': 11.17, 'sample': 7.82, 'validate': 1.87, 'quality': 0.08, 'correlation': 1.24, 'sdmetrics': 0.44}
T3C              independent core 0.001   rows=    229829 ok                               wall=32.3s peak=1.43GB phases={'load': 0.74, 'init': 1.27, 'preprocess': 5.96, 'fit': 11.19, 'sample': 7.76, 'validate': 1.85, 'quality': 0.08, 'correlation': 1.24, 'sdmetrics': 0.44}
T3C              independent core 0.001   rows=    229829 ok                               wall=32.5s peak=1.47GB phases={'load': 0.75, 'init': 1.27, 'preprocess': 5.9, 'fit': 11.19, 'sample': 7.73, 'validate': 1.85, 'quality': 0.08, 'correlation': 1.24, 'sdmetrics': 0.44}
best:T2S+T3C+T4+T4R+T5 independent core 0.001   rows=    229829 ok                               wall=33.1s peak=1.45GB phases={'load': 0.73, 'init': 1.28, 'preprocess': 6.04, 'fit': 11.41, 'sample': 7.83, 'validate': 1.85, 'quality': 0.09, 'correlation': 1.24, 'sdmetrics': 0.45}
best:T2S+T3C+T4+T4R+T5 independent core 0.001   rows=    229829 ok                               wall=33.1s peak=1.44GB phases={'load': 0.73, 'init': 1.28, 'preprocess': 6.04, 'fit': 11.39, 'sample': 7.82, 'validate': 1.84, 'quality': 0.09, 'correlation': 1.25, 'sdmetrics': 0.44}
best:T2S+T3C+T4+T4R+T5 independent core 0.001   rows=    229829 ok                               wall=33.2s peak=1.46GB phases={'load': 0.73, 'init': 1.28, 'preprocess': 6.09, 'fit': 11.4, 'sample': 7.89, 'validate': 1.85, 'quality': 0.09, 'correlation': 1.24, 'sdmetrics': 0.45}
FC               independent core 0.001   rows=    229829 ok                               wall=32.1s peak=1.44GB phases={'load': 0.74, 'init': 1.29, 'preprocess': 5.75, 'fit': 10.77, 'sample': 7.8, 'validate': 1.86, 'quality': 0.08, 'correlation': 1.25, 'sdmetrics': 0.45}
FC               independent core 0.001   rows=    229829 ok                               wall=32.1s peak=1.42GB phases={'load': 0.74, 'init': 1.29, 'preprocess': 5.78, 'fit': 10.75, 'sample': 7.76, 'validate': 1.85, 'quality': 0.08, 'correlation': 1.24, 'sdmetrics': 0.45}
FC               independent core 0.001   rows=    229829 ok                               wall=32.1s peak=1.42GB phases={'load': 0.75, 'init': 1.29, 'preprocess': 5.79, 'fit': 10.73, 'sample': 7.83, 'validate': 1.86, 'quality': 0.08, 'correlation': 1.24, 'sdmetrics': 0.44}
best:FC+T2S+T3C+T4+T4R+T5 independent core 0.001   rows=    229829 ok                               wall=32.9s peak=1.44GB phases={'load': 0.74, 'init': 1.28, 'preprocess': 5.92, 'fit': 11.29, 'sample': 7.94, 'validate': 1.86, 'quality': 0.09, 'correlation': 1.24, 'sdmetrics': 0.49}
best:FC+T2S+T3C+T4+T4R+T5 independent core 0.001   rows=    229829 ok                               wall=33.1s peak=1.42GB phases={'load': 0.78, 'init': 1.28, 'preprocess': 5.94, 'fit': 11.28, 'sample': 7.98, 'validate': 1.86, 'quality': 0.09, 'correlation': 1.24, 'sdmetrics': 0.49}
best:FC+T2S+T3C+T4+T4R+T5 independent core 0.001   rows=    229829 ok                               wall=32.9s peak=1.46GB phases={'load': 0.78, 'init': 1.28, 'preprocess': 5.92, 'fit': 11.28, 'sample': 7.94, 'validate': 1.84, 'quality': 0.09, 'correlation': 1.24, 'sdmetrics': 0.49}
E:baseline       independent core 0.001   rows=    229829 ok                               wall=32.1s peak=1.44GB phases={'load': 0.74, 'init': 1.28, 'preprocess': 5.86, 'fit': 10.88, 'sample': 7.76, 'validate': 1.85, 'quality': 0.08, 'correlation': 1.25, 'sdmetrics': 0.44}
E:T5             independent core 0.001   rows=    229829 ok                               wall=32.6s peak=1.42GB phases={'load': 0.74, 'init': 1.28, 'preprocess': 6.0, 'fit': 11.0, 'sample': 7.8, 'validate': 1.85, 'quality': 0.08, 'correlation': 1.24, 'sdmetrics': 0.44}
E:T5(plan)       independent core 0.001   rows=    229829 ok                               wall=32.6s peak=1.42GB phases={'load': 0.73, 'init': 1.28, 'preprocess': 5.84, 'fit': 11.2, 'sample': 7.82, 'validate': 1.86, 'quality': 0.08, 'correlation': 1.25, 'sdmetrics': 0.44}
E:T2..T5(plan)   independent core 0.001   rows=    229829 ok                               wall=37.8s peak=1.48GB phases={'load': 0.73, 'init': 1.27, 'preprocess': 5.86, 'fit': 16.21, 'sample': 7.97, 'validate': 1.84, 'quality': 0.08, 'correlation': 1.25, 'sdmetrics': 0.44}
scale:best       independent core 0.005   rows=   1118287 ok                               wall=131.6s peak=2.82GB phases={'load': 1.62, 'init': 1.33, 'preprocess': 22.31, 'fit': 58.93, 'sample': 32.91, 'validate': 3.83, 'quality': 0.58, 'correlation': 7.56, 'sdmetrics': 0.49}
scale:best       independent core 0.01    rows=   2232420 ok                               wall=259.2s peak=4.6GB phases={'load': 3.02, 'init': 1.33, 'preprocess': 44.16, 'fit': 117.02, 'sample': 65.07, 'validate': 6.61, 'quality': 1.47, 'correlation': 17.54, 'sdmetrics': 0.54}
scale:best       independent core 0.025   rows=   5564594 ok                               wall=631.6s peak=9.18GB phases={'load': 8.07, 'init': 1.35, 'preprocess': 115.43, 'fit': 261.98, 'sample': 164.07, 'validate': 15.45, 'quality': 4.81, 'correlation': 56.39, 'sdmetrics': 0.85}
scale:T2..T5(mem-opt) independent core 0.01    rows=   2232420 ok                               wall=286.4s peak=4.4GB phases={'load': 2.99, 'init': 1.33, 'preprocess': 44.27, 'fit': 143.09, 'sample': 65.98, 'validate': 6.56, 'quality': 1.47, 'correlation': 17.63, 'sdmetrics': 0.52}
scale:T2..T5(mem-opt) independent core 0.025   rows=   5564594 ok                               wall=698.1s peak=9.29GB phases={'load': 8.07, 'init': 1.36, 'preprocess': 114.35, 'fit': 325.59, 'sample': 167.22, 'validate': 15.34, 'quality': 5.03, 'correlation': 56.99, 'sdmetrics': 0.85}
== done E
